// Jest Snapshot v1, https://goo.gl/fbAQLP

exports[`PasswordChange Component Snapshot renders correctly 1`] = `
<div>
  <div
    className="container"
  >
    <div
      className="wrapper-web-psw"
    >
      <h2
        className="web-h2-psw"
      >
        Change your password
      </h2>
      <p
        className="psw-p"
      >
        Once signed-out, please use your new password
      </p>
      <div
        className="wrapper-child-psw"
      >
        <div>
          <label
            className="web-label-psw"
          >
            Old Password:
          </label>
          <input
            className="web-input-psw"
            onChange={[Function]}
            placeholder="old password..."
            type="password"
            value=""
          />
        </div>
        <div>
          <label
            className="web-label-psw"
          >
            New Password:
          </label>
          <input
            className="web-input-psw"
            onChange={[Function]}
            placeholder="new password..."
            type="password"
            value=""
          />
        </div>
        <div>
          <label
            className="web-label-psw"
          >
            Confirm Password:
          </label>
          <input
            className="web-input-psw"
            onChange={[Function]}
            placeholder="confirm password..."
            type="password"
            value=""
          />
        </div>
      </div>
      <button
        className="web-btn"
        onClick={[Function]}
      >
        Change Password
      </button>
      <button
        className="web-btn"
        onClick={[Function]}
      >
        Back to Chat
      </button>
      <div
        className="s-e-message"
      />
    </div>
  </div>
</div>
`;
